../Core/Src/main.c:70:6:configureHC05	168	static
../Core/Src/main.c:130:10:abs	16	static
../Core/Src/main.c:133:6:convertInput	40	static
../Core/Src/main.c:163:5:main	32	static
../Core/Src/main.c:255:6:SystemClock_Config	88	static
../Core/Src/main.c:303:13:MX_ADC1_Init	24	static
../Core/Src/main.c:363:13:MX_USART1_UART_Init	8	static
../Core/Src/main.c:396:13:MX_USART2_UART_Init	8	static
../Core/Src/main.c:429:13:MX_GPIO_Init	48	static
../Core/Src/main.c:483:6:HAL_GPIO_EXTI_Callback	24	static
../Core/Src/main.c:502:5:__io_putchar	16	static
../Core/Src/main.c:513:6:Error_Handler	4	static,ignoring_inline_asm
