../Core/Src/main.c:68:6:configureHC05	168	static
../Core/Src/main.c:128:10:abs	16	static
../Core/Src/main.c:131:6:convertInput	40	static
../Core/Src/main.c:161:5:main	32	static
../Core/Src/main.c:251:6:SystemClock_Config	88	static
../Core/Src/main.c:299:13:MX_ADC1_Init	24	static
../Core/Src/main.c:359:13:MX_USART1_UART_Init	8	static
../Core/Src/main.c:392:13:MX_USART2_UART_Init	8	static
../Core/Src/main.c:425:13:MX_GPIO_Init	48	static
../Core/Src/main.c:468:5:__io_putchar	16	static
../Core/Src/main.c:479:6:Error_Handler	4	static,ignoring_inline_asm
