../Core/Src/main.c:71:6:configureHC05	3
../Core/Src/main.c:129:9:abs32	1
../Core/Src/main.c:133:6:convertInput	7
../Core/Src/main.c:179:5:main	2
../Core/Src/main.c:279:6:SystemClock_Config	3
../Core/Src/main.c:327:13:MX_ADC1_Init	4
../Core/Src/main.c:387:13:MX_USART1_UART_Init	2
../Core/Src/main.c:420:13:MX_USART2_UART_Init	2
../Core/Src/main.c:453:13:MX_GPIO_Init	1
../Core/Src/main.c:507:6:HAL_GPIO_EXTI_Callback	3
../Core/Src/main.c:526:5:__io_putchar	1
../Core/Src/main.c:537:6:Error_Handler	1
